// Jest Snapshot v1, https://goo.gl/fbAQLP

exports[`Tests for App should match snapshot 1`] = `
<DocumentFragment>
  <div
    class="App"
  >
    <div
      class="NavBar"
    >
      <a
        aria-current="page"
        class="active"
        href="/"
        id="NavBar-Yodlr"
      >
        Yodlr
      </a>
      <a
        class=""
        href="/signup"
      >
        Sign Up
      </a>
      <a
        class=""
        href="/admin"
      >
        Admin Page
      </a>
    </div>
  </div>
</DocumentFragment>
`;
