// Jest Snapshot v1, https://goo.gl/fbAQLP

exports[`NavBar tests should match the snapshot 1`] = `
<DocumentFragment>
  <div
    class="NavBar"
  >
    <a
      aria-current="page"
      class="active"
      href="/"
      id="NavBar-Yodlr"
    >
      Yodlr
    </a>
    <a
      class=""
      href="/signup"
    >
      Sign Up
    </a>
    <a
      class=""
      href="/admin"
    >
      Admin Page
    </a>
  </div>
</DocumentFragment>
`;
