// Jest Snapshot v1, https://goo.gl/fbAQLP

exports[`NavBar tests should match the snapshot 1`] = `
<DocumentFragment>
  <div
    class="card border-light"
  >
    <div
      class="card-body"
    >
      <div
        class="active card-header"
      >
        bilbo baggins
      </div>
      <p
        class="card-text"
      >
        Email: thehobbit@middleearth.com
      </p>
      <p
        class="card-text"
      >
        State: Active
      </p>
    </div>
  </div>
</DocumentFragment>
`;
